// Jest Snapshot v1, https://goo.gl/fbAQLP

exports[`LoadingSpinner Component matches the LoadingSpinner snapshot 1`] = `
<div>
  <div
    class="loading-spinner"
    style="width: 50px; height: 50px;"
  >
    <div
      class="spinner"
    />
  </div>
</div>
`;
